Component: ARM Compiler 5.06 update 1 (build 61) Tool: armlink [4d35a8]

==============================================================================

Section Cross References

    stm32f4xx_it.o(.text) refers to ticks.o(.text) for TimeTick_Decrement
    main.o(.text) refers to ticks.o(.text) for SysTick_Init
    main.o(.text) refers to dbus.o(.text) for Dbus_init
    main.o(.text) refers to 1.8 tft_display.o(.text) for tft_init
    main.o(.text) refers to led.o(.text) for LED_master_init
    main.o(.text) refers to yaw_gyro.o(.text) for gyro_init
    main.o(.text) refers to adc.o(.text) for ADC1_init
    main.o(.text) refers to judge.o(.text) for judging_system_init
    main.o(.text) refers to pneumatic.o(.text) for pneumatic_init
    main.o(.text) refers to can1.o(.text) for CAN1_Configuration
    main.o(.text) refers to can2.o(.text) for CAN2_Configuration
    main.o(.text) refers to encoder.o(.text) for Quad_Encoder_Configuration
    main.o(.text) refers to pwm.o(.text) for Friction_wheel_init
    main.o(.text) refers to data_monitor.o(.text) for DataMonitor_Init
    main.o(.text) refers to base_pid.o(.text) for rc_target_motor
    main.o(.text) refers to gimbal.o(.text) for gimbal_pid
    main.o(.text) refers to canbusprocess.o(.text) for Set_CM_Speed
    main.o(.text) refers to dflt_clz.o(x$fpl$dflt) for __aeabi_i2d
    main.o(.text) refers to dmul.o(x$fpl$dmul) for __aeabi_dmul
    main.o(.text) refers to daddsub_clz.o(x$fpl$dadd) for __aeabi_dadd
    main.o(.text) refers to dfix.o(x$fpl$dfix) for __aeabi_d2iz
    main.o(.text) refers to f2d.o(x$fpl$f2d) for __aeabi_f2d
    main.o(.text) refers to d2f.o(x$fpl$d2f) for __aeabi_d2f
    main.o(.text) refers to dleqf.o(x$fpl$dleqf) for __aeabi_cdcmple
    main.o(.text) refers to canbusprocess.o(.bss) for GMYawEncoder
    main.o(.text) refers to main.o(.data) for ticks_msimg
    main.o(.text) refers to dbus.o(.bss) for DBUS_ReceiveData
    main.o(.text) refers to base_pid.o(.data) for CM_target
    main.o(.text) refers to yaw_gyro.o(.data) for output_angle
    main.o(.text) refers to gimbal.o(.data) for lpf_current
    main.o(.text) refers to main.o(.bss) for motor
    main.o(.text) refers to judge.o(.bss) for InfantryJudge
    main.o(.text) refers to gpio.o(.constdata) for PB3
    system_stm32f4xx.o(.text) refers to system_stm32f4xx.o(.data) for SystemCoreClock
    startup_stm32f40_41xxx.o(STACK) refers (Special) to heapauxi.o(.text) for __use_two_region_memory
    startup_stm32f40_41xxx.o(HEAP) refers (Special) to heapauxi.o(.text) for __use_two_region_memory
    startup_stm32f40_41xxx.o(RESET) refers (Special) to heapauxi.o(.text) for __use_two_region_memory
    startup_stm32f40_41xxx.o(RESET) refers to startup_stm32f40_41xxx.o(STACK) for __initial_sp
    startup_stm32f40_41xxx.o(RESET) refers to startup_stm32f40_41xxx.o(.text) for Reset_Handler
    startup_stm32f40_41xxx.o(RESET) refers to stm32f4xx_it.o(.text) for NMI_Handler
    startup_stm32f40_41xxx.o(RESET) refers to can1.o(.text) for CAN1_TX_IRQHandler
    startup_stm32f40_41xxx.o(RESET) refers to dbus.o(.text) for USART1_IRQHandler
    startup_stm32f40_41xxx.o(RESET) refers to judge.o(.text) for USART3_IRQHandler
    startup_stm32f40_41xxx.o(RESET) refers to yaw_gyro.o(.text) for TIM5_IRQHandler
    startup_stm32f40_41xxx.o(RESET) refers to can2.o(.text) for CAN2_TX_IRQHandler
    startup_stm32f40_41xxx.o(.text) refers (Special) to heapauxi.o(.text) for __use_two_region_memory
    startup_stm32f40_41xxx.o(.text) refers to system_stm32f4xx.o(.text) for SystemInit
    startup_stm32f40_41xxx.o(.text) refers to __main.o(!!!main) for __main
    startup_stm32f40_41xxx.o(.text) refers to startup_stm32f40_41xxx.o(HEAP) for Heap_Mem
    startup_stm32f40_41xxx.o(.text) refers to startup_stm32f40_41xxx.o(STACK) for Stack_Mem
    stm32f4xx_adc.o(.text) refers to stm32f4xx_rcc.o(.text) for RCC_APB2PeriphResetCmd
    stm32f4xx_can.o(.text) refers to stm32f4xx_rcc.o(.text) for RCC_APB1PeriphResetCmd
    stm32f4xx_gpio.o(.text) refers to stm32f4xx_rcc.o(.text) for RCC_AHB1PeriphResetCmd
    stm32f4xx_i2c.o(.text) refers to stm32f4xx_rcc.o(.text) for RCC_APB1PeriphResetCmd
    stm32f4xx_spi.o(.text) refers to stm32f4xx_rcc.o(.text) for RCC_APB2PeriphResetCmd
    stm32f4xx_syscfg.o(.text) refers to stm32f4xx_rcc.o(.text) for RCC_APB2PeriphResetCmd
    stm32f4xx_tim.o(.text) refers to stm32f4xx_rcc.o(.text) for RCC_APB2PeriphResetCmd
    stm32f4xx_usart.o(.text) refers to stm32f4xx_rcc.o(.text) for RCC_APB2PeriphResetCmd
    stm32f4xx_rcc.o(.text) refers to stm32f4xx_rcc.o(.data) for APBAHBPrescTable
    buzzer.o(.text) refers to stm32f4xx_tim.o(.text) for TIM_SetCompare3
    buzzer.o(.text) refers to gpio.o(.text) for timer_gpio_init
    buzzer.o(.text) refers to timer.o(.text) for timer_init
    buzzer.o(.text) refers to buzzer.o(.bss) for NOTE0_PERIOD
    buzzer.o(.text) refers to buzzer.o(.data) for i
    buzzer.o(.text) refers to gpio.o(.constdata) for PB1
[...]
    GPIO_Init                                0x08002105   Thumb Code   144  stm32f4xx_gpio.o(.text)
    GPIO_StructInit                          0x08002195   Thumb Code    18  stm32f4xx_gpio.o(.text)
    GPIO_PinLockConfig                       0x080021a7   Thumb Code    34  stm32f4xx_gpio.o(.text)
    GPIO_ReadInputDataBit                    0x080021c9   Thumb Code    18  stm32f4xx_gpio.o(.text)
    GPIO_ReadInputData                       0x080021db   Thumb Code     8  stm32f4xx_gpio.o(.text)
    GPIO_ReadOutputDataBit                   0x080021e3   Thumb Code    18  stm32f4xx_gpio.o(.text)
    GPIO_ReadOutputData                      0x080021f5   Thumb Code     8  stm32f4xx_gpio.o(.text)
    GPIO_SetBits                             0x080021fd   Thumb Code     4  stm32f4xx_gpio.o(.text)
    GPIO_ResetBits                           0x08002201   Thumb Code     4  stm32f4xx_gpio.o(.text)
    GPIO_WriteBit                            0x08002205   Thumb Code    10  stm32f4xx_gpio.o(.text)
    GPIO_Write                               0x0800220f   Thumb Code     4  stm32f4xx_gpio.o(.text)
    GPIO_ToggleBits                          0x08002213   Thumb Code     8  stm32f4xx_gpio.o(.text)
    GPIO_PinAFConfig                         0x0800221b   Thumb Code    70  stm32f4xx_gpio.o(.text)
    SPI_I2S_DeInit                           0x0800228d   Thumb Code   152  stm32f4xx_spi.o(.text)
    SPI_Init                                 0x08002325   Thumb Code    60  stm32f4xx_spi.o(.text)
    I2S_Init                                 0x08002361   Thumb Code   396  stm32f4xx_spi.o(.text)
    SPI_StructInit                           0x080024ed   Thumb Code    24  stm32f4xx_spi.o(.text)
    I2S_StructInit                           0x08002505   Thumb Code    20  stm32f4xx_spi.o(.text)
    SPI_Cmd                                  0x08002519   Thumb Code    24  stm32f4xx_spi.o(.text)
    I2S_Cmd                                  0x08002531   Thumb Code    24  stm32f4xx_spi.o(.text)
    SPI_DataSizeConfig                       0x08002549   Thumb Code    18  stm32f4xx_spi.o(.text)
    SPI_BiDirectionalLineConfig              0x0800255b   Thumb Code    28  stm32f4xx_spi.o(.text)
    SPI_NSSInternalSoftwareConfig            0x08002577   Thumb Code    30  stm32f4xx_spi.o(.text)
    SPI_SSOutputCmd                          0x08002595   Thumb Code    24  stm32f4xx_spi.o(.text)
    SPI_TIModeCmd                            0x080025ad   Thumb Code    24  stm32f4xx_spi.o(.text)
    I2S_FullDuplexConfig                     0x080025c5   Thumb Code    80  stm32f4xx_spi.o(.text)
    SPI_I2S_ReceiveData                      0x08002615   Thumb Code     6  stm32f4xx_spi.o(.text)
    SPI_I2S_SendData                         0x0800261b   Thumb Code     4  stm32f4xx_spi.o(.text)
    SPI_CalculateCRC                         0x0800261f   Thumb Code    24  stm32f4xx_spi.o(.text)
    SPI_TransmitCRC                          0x08002637   Thumb Code    10  stm32f4xx_spi.o(.text)
    SPI_GetCRC                               0x08002641   Thumb Code    16  stm32f4xx_spi.o(.text)
    SPI_GetCRCPolynomial                     0x08002651   Thumb Code     6  stm32f4xx_spi.o(.text)
    SPI_I2S_DMACmd                           0x08002657   Thumb Code    18  stm32f4xx_spi.o(.text)
    SPI_I2S_ITConfig                         0x08002669   Thumb Code    68  stm32f4xx_spi.o(.text)
    SPI_I2S_GetFlagStatus                    0x080026ad   Thumb Code    18  stm32f4xx_spi.o(.text)
    SPI_I2S_ClearFlag                        0x080026bf   Thumb Code     6  stm32f4xx_spi.o(.text)
    SPI_I2S_GetITStatus                      0x080026c5   Thumb Code    52  stm32f4xx_spi.o(.text)
    SPI_I2S_ClearITPendingBit                0x080026f9   Thumb Code    20  stm32f4xx_spi.o(.text)
    TIM_DeInit                               0x0800270d   Thumb Code   346  stm32f4xx_tim.o(.text)
    TIM_TimeBaseInit                         0x08002867   Thumb Code   104  stm32f4xx_tim.o(.text)
    TIM_TimeBaseStructInit                   0x080028cf   Thumb Code    18  stm32f4xx_tim.o(.text)
    TIM_PrescalerConfig                      0x080028e1   Thumb Code     6  stm32f4xx_tim.o(.text)
    TIM_CounterModeConfig                    0x080028e7   Thumb Code    18  stm32f4xx_tim.o(.text)
    TIM_SetCounter                           0x080028f9   Thumb Code     4  stm32f4xx_tim.o(.text)
    TIM_SetAutoreload                        0x080028fd   Thumb Code     4  stm32f4xx_tim.o(.text)
    TIM_GetCounter                           0x08002901   Thumb Code     6  stm32f4xx_tim.o(.text)
    TIM_GetPrescaler                         0x08002907   Thumb Code     6  stm32f4xx_tim.o(.text)
    TIM_UpdateDisableConfig                  0x0800290d   Thumb Code    24  stm32f4xx_tim.o(.text)
    TIM_UpdateRequestConfig                  0x08002925   Thumb Code    24  stm32f4xx_tim.o(.text)
    TIM_ARRPreloadConfig                     0x0800293d   Thumb Code    24  stm32f4xx_tim.o(.text)
    TIM_SelectOnePulseMode                   0x08002955   Thumb Code    18  stm32f4xx_tim.o(.text)
    TIM_SetClockDivision                     0x08002967   Thumb Code    18  stm32f4xx_tim.o(.text)
    TIM_Cmd                                  0x08002979   Thumb Code    24  stm32f4xx_tim.o(.text)
    TIM_OC1Init                              0x08002991   Thumb Code   114  stm32f4xx_tim.o(.text)
    TIM_OC2Init                              0x08002a03   Thumb Code   154  stm32f4xx_tim.o(.text)
    TIM_OC3Init                              0x08002a9d   Thumb Code   204  stm32f4xx_tim.o(.text)
    TIM_OC4Init                              0x08002b69   Thumb Code   112  stm32f4xx_tim.o(.text)
    TIM_OCStructInit                         0x08002bd9   Thumb Code    20  stm32f4xx_tim.o(.text)
    TIM_SelectOCxM                           0x08002bed   Thumb Code    86  stm32f4xx_tim.o(.text)
    TIM_SetCompare1                          0x08002c43   Thumb Code     4  stm32f4xx_tim.o(.text)
    TIM_SetCompare2                          0x08002c47   Thumb Code     4  stm32f4xx_tim.o(.text)
    TIM_SetCompare3                          0x08002c4b   Thumb Code     4  stm32f4xx_tim.o(.text)
    TIM_SetCompare4                          0x08002c4f   Thumb Code     4  stm32f4xx_tim.o(.text)
    TIM_ForcedOC1Config                      0x08002c53   Thumb Code    18  stm32f4xx_tim.o(.text)
    TIM_ForcedOC2Config                      0x08002c65   Thumb Code    26  stm32f4xx_tim.o(.text)
    TIM_ForcedOC3Config                      0x08002c7f   Thumb Code    18  stm32f4xx_tim.o(.text)
    TIM_ForcedOC4Config                      0x08002c91   Thumb Code    26  stm32f4xx_tim.o(.text)
    TIM_OC1PreloadConfig                     0x08002cab   Thumb Code    18  stm32f4xx_tim.o(.text)
    TIM_OC2PreloadConfig                     0x08002cbd   Thumb Code    26  stm32f4xx_tim.o(.text)
    TIM_OC3PreloadConfig                     0x08002cd7   Thumb Code    18  stm32f4xx_tim.o(.text)
    TIM_OC4PreloadConfig                     0x08002ce9   Thumb Code    26  stm32f4xx_tim.o(.text)
    TIM_OC1FastConfig                        0x08002d03   Thumb Code    18  stm32f4xx_tim.o(.text)
    TIM_OC2FastConfig                        0x08002d15   Thumb Code    26  stm32f4xx_tim.o(.text)
    TIM_OC3FastConfig                        0x08002d2f   Thumb Code    18  stm32f4xx_tim.o(.text)
    TIM_OC4FastConfig                        0x08002d41   Thumb Code    26  stm32f4xx_tim.o(.text)
    TIM_ClearOC1Ref                          0x08002d5b   Thumb Code    18  stm32f4xx_tim.o(.text)
    TIM_ClearOC2Ref                          0x08002d6d   Thumb Code    24  stm32f4xx_tim.o(.text)
    TIM_ClearOC3Ref                          0x08002d85   Thumb Code    18  stm32f4xx_tim.o(.text)
    TIM_ClearOC4Ref                          0x08002d97   Thumb Code    24  stm32f4xx_tim.o(.text)
    TIM_OC1PolarityConfig                    0x08002daf   Thumb Code    18  stm32f4xx_tim.o(.text)
    TIM_OC1NPolarityConfig                   0x08002dc1   Thumb Code    18  stm32f4xx_tim.o(.text)
    TIM_OC2PolarityConfig                    0x08002dd3   Thumb Code    26  stm32f4xx_tim.o(.text)
    TIM_OC2NPolarityConfig                   0x08002ded   Thumb Code    26  stm32f4xx_tim.o(.text)
    TIM_OC3PolarityConfig                    0x08002e07   Thumb Code    26  stm32f4xx_tim.o(.text)
    TIM_OC3NPolarityConfig                   0x08002e21   Thumb Code    26  stm32f4xx_tim.o(.text)
    TIM_OC4PolarityConfig                    0x08002e3b   Thumb Code    26  stm32f4xx_tim.o(.text)
    TIM_CCxCmd                               0x08002e55   Thumb Code    30  stm32f4xx_tim.o(.text)
    TIM_CCxNCmd                              0x08002e73   Thumb Code    30  stm32f4xx_tim.o(.text)
    TIM_SetIC4Prescaler                      0x08002e91   Thumb Code    26  stm32f4xx_tim.o(.text)
    TIM_SetIC3Prescaler                      0x08002efb   Thumb Code    18  stm32f4xx_tim.o(.text)
    TIM_SetIC2Prescaler                      0x08002f55   Thumb Code    26  stm32f4xx_tim.o(.text)
    TIM_SetIC1Prescaler                      0x08002fc9   Thumb Code    18  stm32f4xx_tim.o(.text)
    TIM_ICInit                               0x08003015   Thumb Code   110  stm32f4xx_tim.o(.text)
    TIM_ICStructInit                         0x08003083   Thumb Code    18  stm32f4xx_tim.o(.text)
    TIM_PWMIConfig                           0x08003095   Thumb Code   124  stm32f4xx_tim.o(.text)
    TIM_GetCapture1                          0x08003111   Thumb Code     6  stm32f4xx_tim.o(.text)
    TIM_GetCapture2                          0x08003117   Thumb Code     6  stm32f4xx_tim.o(.text)
    TIM_GetCapture3                          0x0800311d   Thumb Code     6  stm32f4xx_tim.o(.text)
    TIM_GetCapture4                          0x08003123   Thumb Code     6  stm32f4xx_tim.o(.text)
    TIM_BDTRConfig                           0x08003129   Thumb Code    32  stm32f4xx_tim.o(.text)
    TIM_BDTRStructInit                       0x08003149   Thumb Code    18  stm32f4xx_tim.o(.text)
    TIM_CtrlPWMOutputs                       0x0800315b   Thumb Code    30  stm32f4xx_tim.o(.text)
    TIM_SelectCOM                            0x08003179   Thumb Code    24  stm32f4xx_tim.o(.text)
    TIM_CCPreloadControl                     0x08003191   Thumb Code    24  stm32f4xx_tim.o(.text)
    TIM_ITConfig                             0x080031a9   Thumb Code    18  stm32f4xx_tim.o(.text)
    TIM_GenerateEvent                        0x080031bb   Thumb Code     4  stm32f4xx_tim.o(.text)
    TIM_GetFlagStatus                        0x080031bf   Thumb Code    18  stm32f4xx_tim.o(.text)
    TIM_ClearFlag                            0x080031d1   Thumb Code     6  stm32f4xx_tim.o(.text)
    TIM_GetITStatus                          0x080031d7   Thumb Code    34  stm32f4xx_tim.o(.text)
    TIM_ClearITPendingBit                    0x080031f9   Thumb Code     6  stm32f4xx_tim.o(.text)
    TIM_DMAConfig                            0x080031ff   Thumb Code    10  stm32f4xx_tim.o(.text)
    TIM_DMACmd                               0x08003209   Thumb Code    18  stm32f4xx_tim.o(.text)
    TIM_SelectCCDMA                          0x0800321b   Thumb Code    24  stm32f4xx_tim.o(.text)
    TIM_InternalClockConfig                  0x08003233   Thumb Code    12  stm32f4xx_tim.o(.text)
    TIM_SelectInputTrigger                   0x0800323f   Thumb Code    18  stm32f4xx_tim.o(.text)
    TIM_ITRxExternalClockConfig              0x08003251   Thumb Code    24  stm32f4xx_tim.o(.text)
    TIM_TIxExternalClockConfig               0x08003269   Thumb Code    62  stm32f4xx_tim.o(.text)
    TIM_ETRConfig                            0x080032a7   Thumb Code    28  stm32f4xx_tim.o(.text)
    TIM_ETRClockMode1Config                  0x080032c3   Thumb Code    54  stm32f4xx_tim.o(.text)
    TIM_ETRClockMode2Config                  0x080032f9   Thumb Code    32  stm32f4xx_tim.o(.text)
    TIM_SelectOutputTrigger                  0x08003319   Thumb Code    18  stm32f4xx_tim.o(.text)
    TIM_SelectSlaveMode                      0x0800332b   Thumb Code    18  stm32f4xx_tim.o(.text)
    TIM_SelectMasterSlaveMode                0x0800333d   Thumb Code    18  stm32f4xx_tim.o(.text)
    TIM_EncoderInterfaceConfig               0x0800334f   Thumb Code    66  stm32f4xx_tim.o(.text)
    TIM_SelectHallSensor                     0x08003391   Thumb Code    24  stm32f4xx_tim.o(.text)
    TIM_RemapConfig                          0x080033a9   Thumb Code     6  stm32f4xx_tim.o(.text)
    USART_DeInit                             0x080033b1   Thumb Code   206  stm32f4xx_usart.o(.text)
    USART_Init                               0x0800347f   Thumb Code   204  stm32f4xx_usart.o(.text)
    USART_StructInit                         0x0800354b   Thumb Code    24  stm32f4xx_usart.o(.text)
    USART_ClockInit                          0x08003563   Thumb Code    32  stm32f4xx_usart.o(.text)
    USART_ClockStructInit                    0x08003583   Thumb Code    12  stm32f4xx_usart.o(.text)
    USART_Cmd                                0x0800358f   Thumb Code    24  stm32f4xx_usart.o(.text)
    USART_SetPrescaler                       0x080035a7   Thumb Code    16  stm32f4xx_usart.o(.text)
    USART_OverSampling8Cmd                   0x080035b7   Thumb Code    22  stm32f4xx_usart.o(.text)
    USART_OneBitMethodCmd                    0x080035cd   Thumb Code    24  stm32f4xx_usart.o(.text)
    USART_SendData                           0x080035e5   Thumb Code     8  stm32f4xx_usart.o(.text)
    USART_ReceiveData                        0x080035ed   Thumb Code    10  stm32f4xx_usart.o(.text)
    USART_SetAddress                         0x080035f7   Thumb Code    18  stm32f4xx_usart.o(.text)
    USART_ReceiverWakeUpCmd                  0x08003609   Thumb Code    24  stm32f4xx_usart.o(.text)
    USART_WakeUpConfig                       0x08003621   Thumb Code    18  stm32f4xx_usart.o(.text)
    USART_LINBreakDetectLengthConfig         0x08003633   Thumb Code    18  stm32f4xx_usart.o(.text)
    USART_LINCmd                             0x08003645   Thumb Code    24  stm32f4xx_usart.o(.text)
    USART_SendBreak                          0x0800365d   Thumb Code    10  stm32f4xx_usart.o(.text)
    USART_HalfDuplexCmd                      0x08003667   Thumb Code    24  stm32f4xx_usart.o(.text)
    USART_SetGuardTime                       0x0800367f   Thumb Code    16  stm32f4xx_usart.o(.text)
    USART_SmartCardCmd                       0x0800368f   Thumb Code    24  stm32f4xx_usart.o(.text)
    USART_SmartCardNACKCmd                   0x080036a7   Thumb Code    24  stm32f4xx_usart.o(.text)
    USART_IrDAConfig                         0x080036bf   Thumb Code    18  stm32f4xx_usart.o(.text)
    USART_IrDACmd                            0x080036d1   Thumb Code    24  stm32f4xx_usart.o(.text)
    USART_DMACmd                             0x080036e9   Thumb Code    18  stm32f4xx_usart.o(.text)
    USART_ITConfig                           0x080036fb   Thumb Code    74  stm32f4xx_usart.o(.text)
    USART_GetFlagStatus                      0x08003745   Thumb Code    26  stm32f4xx_usart.o(.text)
    USART_ClearFlag                          0x0800375f   Thumb Code    18  stm32f4xx_usart.o(.text)
    USART_GetITStatus                        0x08003771   Thumb Code   118  stm32f4xx_usart.o(.text)
    USART_ClearITPendingBit                  0x080037e7   Thumb Code    30  stm32f4xx_usart.o(.text)
    RCC_DeInit                               0x08003805   Thumb Code    82  stm32f4xx_rcc.o(.text)
    RCC_HSEConfig                            0x08003857   Thumb Code    14  stm32f4xx_rcc.o(.text)
    RCC_GetFlagStatus                        0x08003865   Thumb Code    60  stm32f4xx_rcc.o(.text)
    RCC_WaitForHSEStartUp                    0x080038a1   Thumb Code    56  stm32f4xx_rcc.o(.text)
    RCC_AdjustHSICalibrationValue            0x080038d9   Thumb Code    20  stm32f4xx_rcc.o(.text)
    RCC_HSICmd                               0x080038ed   Thumb Code     6  stm32f4xx_rcc.o(.text)
    RCC_LSEConfig                            0x080038f3   Thumb Code    46  stm32f4xx_rcc.o(.text)
    RCC_LSICmd                               0x08003921   Thumb Code     6  stm32f4xx_rcc.o(.text)
    RCC_PLLConfig                            0x08003927   Thumb Code    32  stm32f4xx_rcc.o(.text)
    RCC_PLLCmd                               0x08003947   Thumb Code     6  stm32f4xx_rcc.o(.text)
    RCC_PLLI2SConfig                         0x0800394d   Thumb Code    14  stm32f4xx_rcc.o(.text)
    RCC_PLLI2SCmd                            0x0800395b   Thumb Code     6  stm32f4xx_rcc.o(.text)
    RCC_PLLSAIConfig                         0x08003961   Thumb Code    20  stm32f4xx_rcc.o(.text)
    RCC_PLLSAICmd                            0x08003975   Thumb Code     6  stm32f4xx_rcc.o(.text)
    RCC_ClockSecuritySystemCmd               0x0800397b   Thumb Code     6  stm32f4xx_rcc.o(.text)
    RCC_MCO1Config                           0x08003981   Thumb Code    28  stm32f4xx_rcc.o(.text)
    RCC_MCO2Config                           0x0800399d   Thumb Code    28  stm32f4xx_rcc.o(.text)
    RCC_SYSCLKConfig                         0x080039b9   Thumb Code    20  stm32f4xx_rcc.o(.text)
    RCC_GetSYSCLKSource                      0x080039cd   Thumb Code    12  stm32f4xx_rcc.o(.text)
    RCC_HCLKConfig                           0x080039d9   Thumb Code    20  stm32f4xx_rcc.o(.text)
    RCC_PCLK1Config                          0x080039ed   Thumb Code    20  stm32f4xx_rcc.o(.text)
    RCC_PCLK2Config                          0x08003a01   Thumb Code    22  stm32f4xx_rcc.o(.text)
    RCC_GetClocksFreq                        0x08003a17   Thumb Code   222  stm32f4xx_rcc.o(.text)
    RCC_RTCCLKConfig                         0x08003af5   Thumb Code    54  stm32f4xx_rcc.o(.text)
    RCC_RTCCLKCmd                            0x08003b2b   Thumb Code     8  stm32f4xx_rcc.o(.text)
    RCC_BackupResetCmd                       0x08003b33   Thumb Code     8  stm32f4xx_rcc.o(.text)
    RCC_I2SCLKConfig                         0x08003b3b   Thumb Code     6  stm32f4xx_rcc.o(.text)
    RCC_SAIPLLI2SClkDivConfig                0x08003b41   Thumb Code    26  stm32f4xx_rcc.o(.text)
    RCC_SAIPLLSAIClkDivConfig                0x08003b5b   Thumb Code    28  stm32f4xx_rcc.o(.text)
    RCC_SAIBlockACLKConfig                   0x08003b77   Thumb Code    20  stm32f4xx_rcc.o(.text)
    RCC_SAIBlockBCLKConfig                   0x08003b8b   Thumb Code    20  stm32f4xx_rcc.o(.text)
    RCC_LTDCCLKDivConfig                     0x08003b9f   Thumb Code    20  stm32f4xx_rcc.o(.text)
    RCC_TIMCLKPresConfig                     0x08003bb3   Thumb Code     6  stm32f4xx_rcc.o(.text)
    RCC_AHB1PeriphClockCmd                   0x08003bb9   Thumb Code    34  stm32f4xx_rcc.o(.text)
    RCC_AHB2PeriphClockCmd                   0x08003bdb   Thumb Code    78  stm32f4xx_rcc.o(.text)
    RCC_AHB3PeriphClockCmd                   0x08003c29   Thumb Code    34  stm32f4xx_rcc.o(.text)
    RCC_APB1PeriphClockCmd                   0x08003c4b   Thumb Code    34  stm32f4xx_rcc.o(.text)
    RCC_APB2PeriphClockCmd                   0x08003c6d   Thumb Code    34  stm32f4xx_rcc.o(.text)
    RCC_AHB1PeriphResetCmd                   0x08003c8f   Thumb Code    34  stm32f4xx_rcc.o(.text)
    RCC_AHB2PeriphResetCmd                   0x08003cb1   Thumb Code    34  stm32f4xx_rcc.o(.text)
    RCC_AHB3PeriphResetCmd                   0x08003cd3   Thumb Code    34  stm32f4xx_rcc.o(.text)
    RCC_APB1PeriphResetCmd                   0x08003cf5   Thumb Code    34  stm32f4xx_rcc.o(.text)
    RCC_APB2PeriphResetCmd                   0x08003d17   Thumb Code    34  stm32f4xx_rcc.o(.text)
    RCC_AHB1PeriphClockLPModeCmd             0x08003d39   Thumb Code    34  stm32f4xx_rcc.o(.text)
    RCC_AHB2PeriphClockLPModeCmd             0x08003d5b   Thumb Code    34  stm32f4xx_rcc.o(.text)
    RCC_AHB3PeriphClockLPModeCmd             0x08003d7d   Thumb Code    34  stm32f4xx_rcc.o(.text)
    RCC_APB1PeriphClockLPModeCmd             0x08003d9f   Thumb Code    34  stm32f4xx_rcc.o(.text)
    RCC_APB2PeriphClockLPModeCmd             0x08003dc1   Thumb Code    34  stm32f4xx_rcc.o(.text)
    RCC_LSEModeConfig                        0x08003de3   Thumb Code    40  stm32f4xx_rcc.o(.text)
    RCC_ITConfig                             0x08003e0b   Thumb Code    34  stm32f4xx_rcc.o(.text)
    RCC_ClearFlag                            0x08003e2d   Thumb Code    18  stm32f4xx_rcc.o(.text)
    RCC_GetITStatus                          0x08003e3f   Thumb Code    22  stm32f4xx_rcc.o(.text)
    RCC_ClearITPendingBit                    0x08003e55   Thumb Code     8  stm32f4xx_rcc.o(.text)
    AF_config                                0x08003e61   Thumb Code   280  gpio.o(.text)
    gpio_rcc_init                            0x08003f79   Thumb Code   156  gpio.o(.text)
    gpio_init                                0x08004015   Thumb Code    54  gpio.o(.text)
    timer_gpio_init                          0x0800404b   Thumb Code    48  gpio.o(.text)
    BUTTON_init                              0x0800407b   Thumb Code    44  gpio.o(.text)
    LED_init                                 0x080040a7   Thumb Code    78  gpio.o(.text)
    gpio_read_input                          0x080040f5   Thumb Code    14  gpio.o(.text)
    gpio_write                               0x08004103   Thumb Code    18  gpio.o(.text)
    SysTick_Init                             0x0800411d   Thumb Code    90  ticks.o(.text)
    TimeTick_Decrement                       0x08004177   Thumb Code    18  ticks.o(.text)
    TimeTick_Increment                       0x08004189   Thumb Code    30  ticks.o(.text)
    get_ms_ticks                             0x080041a7   Thumb Code     6  ticks.o(.text)
    delay_1ms                                0x080041ad   Thumb Code    18  ticks.o(.text)
    delay_nms                                0x080041bf   Thumb Code    16  ticks.o(.text)
    Brush_motor_pwm_dir_init                 0x080041e9   Thumb Code    98  pwm.o(.text)
    Brush_motor_control1                     0x0800424b   Thumb Code    42  pwm.o(.text)
    Brush_motor_control2                     0x08004275   Thumb Code    42  pwm.o(.text)
    Friction_wheel_init                      0x0800429f   Thumb Code   116  pwm.o(.text)
    Friction_wheel_control1                  0x08004313   Thumb Code    14  pwm.o(.text)
    Friction_wheel_control2                  0x08004321   Thumb Code    14  pwm.o(.text)
    Friction_wheel_control3                  0x0800432f   Thumb Code    14  pwm.o(.text)
    timer_rcc_init                           0x08004361   Thumb Code   228  timer.o(.text)
    timer_init                               0x08004445   Thumb Code    54  timer.o(.text)
    pwm_timer_init                           0x0800447b   Thumb Code   178  timer.o(.text)
    LED_master_init                          0x08004561   Thumb Code    10  led.o(.text)
    LED_control                              0x0800456b   Thumb Code    30  led.o(.text)
    LED_blink                                0x08004589   Thumb Code    50  led.o(.text)
    tft_spi_init                             0x080045c5   Thumb Code   178  1.8 tft_display.o(.text)
    tft_write_command                        0x08004677   Thumb Code    72  1.8 tft_display.o(.text)
    tft_write_data                           0x080046bf   Thumb Code    72  1.8 tft_display.o(.text)
    tft_config                               0x08004707   Thumb Code   514  1.8 tft_display.o(.text)
    tft_reset                                0x08004909   Thumb Code    32  1.8 tft_display.o(.text)
    tft_fill_color                           0x08004929   Thumb Code    98  1.8 tft_display.o(.text)
    tft_set_special_color                    0x0800498b   Thumb Code     6  1.8 tft_display.o(.text)
    tft_set_text_color                       0x08004991   Thumb Code     6  1.8 tft_display.o(.text)
    tft_set_bg_color                         0x08004997   Thumb Code     6  1.8 tft_display.o(.text)
    tft_init                                 0x0800499d   Thumb Code   214  1.8 tft_display.o(.text)
    tft_enable                               0x08004a73   Thumb Code     8  1.8 tft_display.o(.text)
    tft_disable                              0x08004a7b   Thumb Code     8  1.8 tft_display.o(.text)
    tft_get_bg_color                         0x08004a83   Thumb Code     6  1.8 tft_display.o(.text)
    tft_get_text_color                       0x08004a89   Thumb Code     6  1.8 tft_display.o(.text)
    tft_get_special_text_color               0x08004a8f   Thumb Code     6  1.8 tft_display.o(.text)
    tft_get_orientation                      0x08004a95   Thumb Code     6  1.8 tft_display.o(.text)
    tft_force_clear                          0x08004a9b   Thumb Code    86  1.8 tft_display.o(.text)
    tft_set_orientation                      0x08004af1   Thumb Code    28  1.8 tft_display.o(.text)
    tft_get_max_x_char                       0x08004b0d   Thumb Code    24  1.8 tft_display.o(.text)
    tft_get_max_y_char                       0x08004b25   Thumb Code    24  1.8 tft_display.o(.text)
    tft_set_pixel_pos                        0x08004b3d   Thumb Code    78  1.8 tft_display.o(.text)
    tft_set_char_pos                         0x08004b8b   Thumb Code    82  1.8 tft_display.o(.text)
    tft_clear_line                           0x08004bdd   Thumb Code    68  1.8 tft_display.o(.text)
    tft_clear                                0x08004c21   Thumb Code    22  1.8 tft_display.o(.text)
    tft_toggle                               0x08004c37   Thumb Code    34  1.8 tft_display.o(.text)
    tft_put_pixel                            0x08004c59   Thumb Code   100  1.8 tft_display.o(.text)
    tft_char_is_changed                      0x08004cbd   Thumb Code   186  1.8 tft_display.o(.text)
    tft_prints                               0x08004d77   Thumb Code   268  1.8 tft_display.o(.text)
    tft_update                               0x08004e83   Thumb Code  1454  1.8 tft_display.o(.text)
    gyro_spi_init                            0x08005441   Thumb Code   306  yaw_gyro.o(.text)
    gyro_chip_deselect                       0x08005573   Thumb Code    12  yaw_gyro.o(.text)
    gyro_chip_select                         0x0800557f   Thumb Code    12  yaw_gyro.o(.text)
    spi_frame                                0x0800558b   Thumb Code    72  yaw_gyro.o(.text)
    adis_write                               0x080055d3   Thumb Code    50  yaw_gyro.o(.text)
    adis_read                                0x08005605   Thumb Code    34  yaw_gyro.o(.text)
    gyro_init                                0x08005627   Thumb Code    68  yaw_gyro.o(.text)
    gyro_get_vel                             0x0800566b   Thumb Code    40  yaw_gyro.o(.text)
    gyro_cal                                 0x08005693   Thumb Code   116  yaw_gyro.o(.text)
    Abs                                      0x08005707   Thumb Code    14  yaw_gyro.o(.text)
    gyro_get_off                             0x08005715   Thumb Code    40  yaw_gyro.o(.text)
    gyro_cal_short                           0x0800573d   Thumb Code   140  yaw_gyro.o(.text)
    gyro_get_angle                           0x080057c9   Thumb Code    18  yaw_gyro.o(.text)
    gyro_update                              0x080057db   Thumb Code   434  yaw_gyro.o(.text)
    get_angle                                0x0800598d   Thumb Code     8  yaw_gyro.o(.text)
    gyro_get_flash                           0x08005995   Thumb Code    16  yaw_gyro.o(.text)
    gyro_get_power                           0x080059a5   Thumb Code    30  yaw_gyro.o(.text)
    gyro_get_adc                             0x080059c3   Thumb Code    30  yaw_gyro.o(.text)
    gyro_get_temp                            0x080059e1   Thumb Code    30  yaw_gyro.o(.text)
    set_angle                                0x080059ff   Thumb Code    18  yaw_gyro.o(.text)
    TIM5_Int_Init                            0x08005a11   Thumb Code   104  yaw_gyro.o(.text)
    yaw_axis_pid_cal                         0x08005a79   Thumb Code   174  yaw_gyro.o(.text)
    TIM5_IRQHandler                          0x08005b27   Thumb Code   158  yaw_gyro.o(.text)
    ADC1_init                                0x08005c29   Thumb Code   254  adc.o(.text)
    ADC_raw_data                             0x08005d27   Thumb Code    12  adc.o(.text)
    get_5v                                   0x08005d33   Thumb Code    30  adc.o(.text)
    get_mcu_temperature                      0x08005d51   Thumb Code     6  adc.o(.text)
    Quad_Encoder_Configuration               0x08005d71   Thumb Code   178  encoder.o(.text)
    Encoder_Start1                           0x08005e23   Thumb Code    12  encoder.o(.text)
    Encoder_Start2                           0x08005e2f   Thumb Code    12  encoder.o(.text)
    GetQuadEncoderDiff1                      0x08005e3b   Thumb Code    40  encoder.o(.text)
    GetQuadEncoderDiff2                      0x08005e63   Thumb Code    40  encoder.o(.text)
    pneumatic_init                           0x08005ea1   Thumb Code    28  pneumatic.o(.text)
    pneumatic_control                        0x08005ebd   Thumb Code    80  pneumatic.o(.text)
    CAN1_Configuration                       0x08005f21   Thumb Code   262  can1.o(.text)
    CAN1_TX_IRQHandler                       0x08006027   Thumb Code    22  can1.o(.text)
    CAN1_RX0_IRQHandler                      0x0800603d   Thumb Code    42  can1.o(.text)
    CAN2_Configuration                       0x08006071   Thumb Code   264  can2.o(.text)
    CAN2_TX_IRQHandler                       0x08006179   Thumb Code    22  can2.o(.text)
    CAN2_RX0_IRQHandler                      0x0800618f   Thumb Code    42  can2.o(.text)
    GetEncoderBias                           0x080061c1   Thumb Code    26  canbusprocess.o(.text)
    EncoderProcess                           0x080061db   Thumb Code   212  canbusprocess.o(.text)
    CanReceiveMsgProcess_for_chassis         0x080062af   Thumb Code   152  canbusprocess.o(.text)
    CanReceiveMsgProcess_for_gimbal          0x08006347   Thumb Code    88  canbusprocess.o(.text)
    Set_CM_Speed                             0x0800639f   Thumb Code    92  canbusprocess.o(.text)
    Set_Gimbal_Current                       0x080063fb   Thumb Code    92  canbusprocess.o(.text)
    Dbus_init                                0x08006481   Thumb Code   268  dbus.o(.text)
    DBUS_DataDecoding                        0x0800658d   Thumb Code   292  dbus.o(.text)
    DBUS_CheckPush                           0x080066b1   Thumb Code    26  dbus.o(.text)
    USART1_IRQHandler                        0x080066cb   Thumb Code    76  dbus.o(.text)
    judging_system_init                      0x0800673d   Thumb Code   270  judge.o(.text)
    Get_CRC8_Check_Sum                       0x0800684b   Thumb Code    30  judge.o(.text)
    Verify_CRC8_Check_Sum                    0x08006869   Thumb Code    46  judge.o(.text)
    Append_CRC8_Check_Sum                    0x08006897   Thumb Code    36  judge.o(.text)
    Get_CRC16_Check_Sum                      0x080068bb   Thumb Code    46  judge.o(.text)
    Verify_CRC16_Check_Sum                   0x080068e9   Thumb Code    60  judge.o(.text)
    Append_CRC16_Check_Sum                   0x08006925   Thumb Code    44  judge.o(.text)
    Judge_InitConfig                         0x08006951   Thumb Code    38  judge.o(.text)
    USART3_IRQHandler                        0x08006977   Thumb Code   166  judge.o(.text)
    DataMonitor_Init                         0x08006a55   Thumb Code    90  data_monitor.o(.text)
    DataMonitor_Send                         0x08006aaf   Thumb Code    62  data_monitor.o(.text)
    base_pid_cal                             0x08006af9   Thumb Code   218  base_pid.o(.text)
    target_accel                             0x08006bd3   Thumb Code   128  base_pid.o(.text)
    rc_target_motor                          0x08006c53   Thumb Code   438  base_pid.o(.text)
    power_pid                                0x08006e09   Thumb Code   378  base_pid.o(.text)
    gimbal_setyaw                            0x08006f89   Thumb Code    16  gimbal.o(.text)
    gimbal_pid                               0x08006f99   Thumb Code   264  gimbal.o(.text)
    low_pass_filter                          0x080070a1   Thumb Code    38  gimbal.o(.text)
    vsprintf                                 0x080070d9   Thumb Code    32  vsprintf.o(.text)
    __aeabi_memcpy                           0x080070fd   Thumb Code     0  rt_memcpy_v6.o(.text)
    __rt_memcpy                              0x080070fd   Thumb Code   138  rt_memcpy_v6.o(.text)
    _memcpy_lastbytes                        0x08007163   Thumb Code     0  rt_memcpy_v6.o(.text)
    __use_two_region_memory                  0x08007187   Thumb Code     2  heapauxi.o(.text)
    __rt_heap_escrow$2region                 0x08007189   Thumb Code     2  heapauxi.o(.text)
    __rt_heap_expand$2region                 0x0800718b   Thumb Code     2  heapauxi.o(.text)
    _printf_pre_padding                      0x0800718d   Thumb Code    44  _printf_pad.o(.text)
    _printf_post_padding                     0x080071b9   Thumb Code    34  _printf_pad.o(.text)
    _printf_truncate_signed                  0x080071db   Thumb Code    18  _printf_truncate.o(.text)
    _printf_truncate_unsigned                0x080071ed   Thumb Code    18  _printf_truncate.o(.text)
    _printf_str                              0x080071ff   Thumb Code    82  _printf_str.o(.text)
    _printf_int_dec                          0x08007251   Thumb Code   104  _printf_dec.o(.text)
    _printf_charcount                        0x080072c9   Thumb Code    40  _printf_charcount.o(.text)
    _printf_char_common                      0x080072fb   Thumb Code    32  _printf_char_common.o(.text)
    _sputc                                   0x08007321   Thumb Code    10  _sputc.o(.text)
    _printf_wctomb                           0x0800732d   Thumb Code   182  _printf_wctomb.o(.text)
    _printf_longlong_dec                     0x080073e9   Thumb Code   108  _printf_longlong_dec.o(.text)
    _printf_longlong_oct                     0x08007465   Thumb Code    68  _printf_oct_int_ll.o(.text)
    _printf_int_oct                          0x080074a9   Thumb Code    24  _printf_oct_int_ll.o(.text)
    _printf_ll_oct                           0x080074c1   Thumb Code    12  _printf_oct_int_ll.o(.text)
    _printf_longlong_hex                     0x080074d5   Thumb Code    86  _printf_hex_int_ll_ptr.o(.text)
    _printf_int_hex                          0x0800752b   Thumb Code    28  _printf_hex_int_ll_ptr.o(.text)
    _printf_ll_hex                           0x08007547   Thumb Code    12  _printf_hex_int_ll_ptr.o(.text)
    _printf_hex_ptr                          0x08007553   Thumb Code    18  _printf_hex_int_ll_ptr.o(.text)
    __printf                                 0x08007569   Thumb Code   388  __printf_flags_ss_wp.o(.text)
    __aeabi_memcpy4                          0x080076f1   Thumb Code     0  rt_memcpy_w.o(.text)
    __aeabi_memcpy8                          0x080076f1   Thumb Code     0  rt_memcpy_w.o(.text)
    __rt_memcpy_w                            0x080076f1   Thumb Code   100  rt_memcpy_w.o(.text)
    _memcpy_lastbytes_aligned                0x08007739   Thumb Code     0  rt_memcpy_w.o(.text)
    _ll_udiv10                               0x08007755   Thumb Code   138  lludiv10.o(.text)
    _printf_int_common                       0x080077df   Thumb Code   178  _printf_intcommon.o(.text)
    __lib_sel_fp_printf                      0x08007891   Thumb Code     2  _printf_fp_dec.o(.text)
    _printf_fp_dec_real                      0x08007a3f   Thumb Code   620  _printf_fp_dec.o(.text)
    _printf_fp_hex_real                      0x08007cad   Thumb Code   754  _printf_fp_hex.o(.text)
    _printf_cs_common                        0x08007fa9   Thumb Code    20  _printf_char.o(.text)
    _printf_char                             0x08007fbd   Thumb Code    16  _printf_char.o(.text)
    _printf_string                           0x08007fcd   Thumb Code     8  _printf_char.o(.text)
    _printf_lcs_common                       0x08007fd5   Thumb Code    20  _printf_wchar.o(.text)
    _printf_wchar                            0x08007fe9   Thumb Code    16  _printf_wchar.o(.text)
    _printf_wstring                          0x08007ff9   Thumb Code     8  _printf_wchar.o(.text)
    _wcrtomb                                 0x08008001   Thumb Code    64  _wcrtomb.o(.text)
    __user_setup_stackheap                   0x08008041   Thumb Code    74  sys_stackheap_outer.o(.text)
    __rt_ctype_table                         0x0800808d   Thumb Code    16  rt_ctype_table.o(.text)
    __rt_locale                              0x0800809d   Thumb Code     8  rt_locale_intlibspace.o(.text)
    _printf_fp_infnan                        0x080080a5   Thumb Code   112  _printf_fp_infnan.o(.text)
    _btod_etento                             0x08008125   Thumb Code   216  bigflt0.o(.text)
    exit                                     0x08008201   Thumb Code    18  exit.o(.text)
    __user_libspace                          0x08008215   Thumb Code     8  libspace.o(.text)
    __user_perproc_libspace                  0x08008215   Thumb Code     0  libspace.o(.text)
    __user_perthread_libspace                0x08008215   Thumb Code     0  libspace.o(.text)
    strcmp                                   0x0800821d   Thumb Code   128  strcmpv7m.o(.text)
    _sys_exit                                0x0800829d   Thumb Code     8  sys_exit.o(.text)
    __I$use$semihosting                      0x080082a9   Thumb Code     0  use_no_semi.o(.text)
    __use_no_semihosting_swi                 0x080082a9   Thumb Code     2  use_no_semi.o(.text)
    __semihosting_library_function           0x080082ab   Thumb Code     0  indicate_semi.o(.text)
    _btod_d2e                                0x080082ab   Thumb Code    62  btod.o(CL$$btod_d2e)
    _d2e_denorm_low                          0x080082e9   Thumb Code    70  btod.o(CL$$btod_d2e_denorm_low)
    _d2e_norm_op1                            0x0800832f   Thumb Code    96  btod.o(CL$$btod_d2e_norm_op1)
    __btod_div_common                        0x0800838f   Thumb Code   696  btod.o(CL$$btod_div_common)
    _e2e                                     0x080086c7   Thumb Code   198  btod.o(CL$$btod_e2e)
    _btod_ediv                               0x0800878d   Thumb Code    40  btod.o(CL$$btod_ediv)
    _btod_emul                               0x080087b5   Thumb Code    40  btod.o(CL$$btod_emul)
    __btod_mult_common                       0x080087dd   Thumb Code   580  btod.o(CL$$btod_mult_common)
    __ARM_fpclassify                         0x08008a21   Thumb Code    48  fpclassify.o(i.__ARM_fpclassify)
    _is_digit                                0x08008a51   Thumb Code    14  __printf_wp.o(i._is_digit)
    _get_lc_numeric                          0x08008a61   Thumb Code    44  lc_numeric_c.o(locale$$code)
    _get_lc_ctype                            0x08008a8d   Thumb Code    44  lc_ctype_c.o(locale$$code)
    __aeabi_d2f                              0x08008ab9   Thumb Code     0  d2f.o(x$fpl$d2f)
    _d2f                                     0x08008ab9   Thumb Code    98  d2f.o(x$fpl$d2f)
    __aeabi_dadd                             0x08008b1d   Thumb Code     0  daddsub_clz.o(x$fpl$dadd)
    _dadd                                    0x08008b1d   Thumb Code   332  daddsub_clz.o(x$fpl$dadd)
    __fpl_dcmp_Inf                           0x08008c6d   Thumb Code    24  dcmpi.o(x$fpl$dcmpinf)
    __aeabi_ddiv                             0x08008c85   Thumb Code     0  ddiv.o(x$fpl$ddiv)
    _ddiv                                    0x08008c85   Thumb Code   552  ddiv.o(x$fpl$ddiv)
    __aeabi_d2iz                             0x08008f35   Thumb Code     0  dfix.o(x$fpl$dfix)
    _dfix                                    0x08008f35   Thumb Code    94  dfix.o(x$fpl$dfix)
    __aeabi_i2d                              0x08008f93   Thumb Code     0  dflt_clz.o(x$fpl$dflt)
    _dflt                                    0x08008f93   Thumb Code    46  dflt_clz.o(x$fpl$dflt)
    __aeabi_cdcmple                          0x08008fc1   Thumb Code     0  dleqf.o(x$fpl$dleqf)
    _dcmple                                  0x08008fc1   Thumb Code   120  dleqf.o(x$fpl$dleqf)
    __fpl_dcmple_InfNaN                      0x08009023   Thumb Code     0  dleqf.o(x$fpl$dleqf)
    __aeabi_dmul                             0x08009039   Thumb Code     0  dmul.o(x$fpl$dmul)
    _dmul                                    0x08009039   Thumb Code   332  dmul.o(x$fpl$dmul)
    __fpl_dnaninf                            0x0800918d   Thumb Code   156  dnaninf.o(x$fpl$dnaninf)
    __fpl_dretinf                            0x08009229   Thumb Code    12  dretinf.o(x$fpl$dretinf)
    __aeabi_dsub                             0x08009235   Thumb Code     0  daddsub_clz.o(x$fpl$dsub)
    _dsub                                    0x08009235   Thumb Code   464  daddsub_clz.o(x$fpl$dsub)
    __aeabi_f2d                              0x08009409   Thumb Code     0  f2d.o(x$fpl$f2d)
    _f2d                                     0x08009409   Thumb Code    86  f2d.o(x$fpl$f2d)
    __fpl_fnaninf                            0x0800945f   Thumb Code   140  fnaninf.o(x$fpl$fnaninf)
    _fp_init                                 0x080094eb   Thumb Code    10  fpinit.o(x$fpl$fpinit)
    __fplib_config_fpu_vfp                   0x080094f3   Thumb Code     0  fpinit.o(x$fpl$fpinit)
    __fplib_config_pureend_doubles           0x080094f3   Thumb Code     0  fpinit.o(x$fpl$fpinit)
    __fpl_fretinf                            0x080094f5   Thumb Code    10  fretinf.o(x$fpl$fretinf)
    _printf_fp_dec                           0x080094ff   Thumb Code     4  printf1.o(x$fpl$printf1)
    _printf_fp_hex                           0x08009503   Thumb Code     4  printf2.o(x$fpl$printf2)
    __I$use$fp                               0x08009506   Number         0  usenofp.o(x$fpl$usenofp)
    PA0                                      0x08009508   Data           8  gpio.o(.constdata)
    PA1                                      0x08009510   Data           8  gpio.o(.constdata)
    PA2                                      0x08009518   Data           8  gpio.o(.constdata)
    PA3                                      0x08009520   Data           8  gpio.o(.constdata)
    PA4                                      0x08009528   Data           8  gpio.o(.constdata)
    PA5                                      0x08009530   Data           8  gpio.o(.constdata)
    PA6                                      0x08009538   Data           8  gpio.o(.constdata)
    PA7                                      0x08009540   Data           8  gpio.o(.constdata)
    PA8                                      0x08009548   Data           8  gpio.o(.constdata)
    PA9                                      0x08009550   Data           8  gpio.o(.constdata)
    PA10                                     0x08009558   Data           8  gpio.o(.constdata)
    PA11                                     0x08009560   Data           8  gpio.o(.constdata)
    PA12                                     0x08009568   Data           8  gpio.o(.constdata)
    PA13                                     0x08009570   Data           8  gpio.o(.constdata)
    PA14                                     0x08009578   Data           8  gpio.o(.constdata)
    PA15                                     0x08009580   Data           8  gpio.o(.constdata)
    PB0                                      0x08009588   Data           8  gpio.o(.constdata)
    PB1                                      0x08009590   Data           8  gpio.o(.constdata)
    PB2                                      0x08009598   Data           8  gpio.o(.constdata)
    PB3                                      0x080095a0   Data           8  gpio.o(.constdata)
    PB4                                      0x080095a8   Data           8  gpio.o(.constdata)
    PB5                                      0x080095b0   Data           8  gpio.o(.constdata)
    PB6                                      0x080095b8   Data           8  gpio.o(.constdata)
    PB7                                      0x080095c0   Data           8  gpio.o(.constdata)
    PB8                                      0x080095c8   Data           8  gpio.o(.constdata)
    PB9                                      0x080095d0   Data           8  gpio.o(.constdata)
    PB10                                     0x080095d8   Data           8  gpio.o(.constdata)
    PB11                                     0x080095e0   Data           8  gpio.o(.constdata)
    PB12                                     0x080095e8   Data           8  gpio.o(.constdata)
    PB13                                     0x080095f0   Data           8  gpio.o(.constdata)
    PB14                                     0x080095f8   Data           8  gpio.o(.constdata)
    PB15                                     0x08009600   Data           8  gpio.o(.constdata)
    PC0                                      0x08009608   Data           8  gpio.o(.constdata)
    PC1                                      0x08009610   Data           8  gpio.o(.constdata)
    PC2                                      0x08009618   Data           8  gpio.o(.constdata)
    PC3                                      0x08009620   Data           8  gpio.o(.constdata)
    PC4                                      0x08009628   Data           8  gpio.o(.constdata)
    PC5                                      0x08009630   Data           8  gpio.o(.constdata)
    PC6                                      0x08009638   Data           8  gpio.o(.constdata)
    PC7                                      0x08009640   Data           8  gpio.o(.constdata)
    PC8                                      0x08009648   Data           8  gpio.o(.constdata)
    PC9                                      0x08009650   Data           8  gpio.o(.constdata)
    PC10                                     0x08009658   Data           8  gpio.o(.constdata)
    PC11                                     0x08009660   Data           8  gpio.o(.constdata)
    PC12                                     0x08009668   Data           8  gpio.o(.constdata)
    PC13                                     0x08009670   Data           8  gpio.o(.constdata)
    PC14                                     0x08009678   Data           8  gpio.o(.constdata)
    PC15                                     0x08009680   Data           8  gpio.o(.constdata)
    PD0                                      0x08009688   Data           8  gpio.o(.constdata)
    PD1                                      0x08009690   Data           8  gpio.o(.constdata)
    PD2                                      0x08009698   Data           8  gpio.o(.constdata)
    PD3                                      0x080096a0   Data           8  gpio.o(.constdata)
    PD4                                      0x080096a8   Data           8  gpio.o(.constdata)
    PD5                                      0x080096b0   Data           8  gpio.o(.constdata)
    PD6                                      0x080096b8   Data           8  gpio.o(.constdata)
    PD7                                      0x080096c0   Data           8  gpio.o(.constdata)
    PD8                                      0x080096c8   Data           8  gpio.o(.constdata)
    PD9                                      0x080096d0   Data           8  gpio.o(.constdata)
    PD10                                     0x080096d8   Data           8  gpio.o(.constdata)
    PD11                                     0x080096e0   Data           8  gpio.o(.constdata)
    PD12                                     0x080096e8   Data           8  gpio.o(.constdata)
    PD13                                     0x080096f0   Data           8  gpio.o(.constdata)
    PD14                                     0x080096f8   Data           8  gpio.o(.constdata)
    PD15                                     0x08009700   Data           8  gpio.o(.constdata)
    PE0                                      0x08009708   Data           8  gpio.o(.constdata)
    PE1                                      0x08009710   Data           8  gpio.o(.constdata)
    PE2                                      0x08009718   Data           8  gpio.o(.constdata)
    PE3                                      0x08009720   Data           8  gpio.o(.constdata)
    PE4                                      0x08009728   Data           8  gpio.o(.constdata)
    PE5                                      0x08009730   Data           8  gpio.o(.constdata)
    PE6                                      0x08009738   Data           8  gpio.o(.constdata)
    PE7                                      0x08009740   Data           8  gpio.o(.constdata)
    PE8                                      0x08009748   Data           8  gpio.o(.constdata)
    PE9                                      0x08009750   Data           8  gpio.o(.constdata)
    PE10                                     0x08009758   Data           8  gpio.o(.constdata)
    PE11                                     0x08009760   Data           8  gpio.o(.constdata)
    PE12                                     0x08009768   Data           8  gpio.o(.constdata)
    PE13                                     0x08009770   Data           8  gpio.o(.constdata)
    PE14                                     0x08009778   Data           8  gpio.o(.constdata)
    PE15                                     0x08009780   Data           8  gpio.o(.constdata)
    PF0                                      0x08009788   Data           8  gpio.o(.constdata)
    PF1                                      0x08009790   Data           8  gpio.o(.constdata)
    PF2                                      0x08009798   Data           8  gpio.o(.constdata)
    PF3                                      0x080097a0   Data           8  gpio.o(.constdata)
    PF4                                      0x080097a8   Data           8  gpio.o(.constdata)
    PF5                                      0x080097b0   Data           8  gpio.o(.constdata)
    PF6                                      0x080097b8   Data           8  gpio.o(.constdata)
    PF7                                      0x080097c0   Data           8  gpio.o(.constdata)
    PF8                                      0x080097c8   Data           8  gpio.o(.constdata)
    PF9                                      0x080097d0   Data           8  gpio.o(.constdata)
    PF10                                     0x080097d8   Data           8  gpio.o(.constdata)
    PF11                                     0x080097e0   Data           8  gpio.o(.constdata)
    PF12                                     0x080097e8   Data           8  gpio.o(.constdata)
    PF13                                     0x080097f0   Data           8  gpio.o(.constdata)
    PF14                                     0x080097f8   Data           8  gpio.o(.constdata)
    PF15                                     0x08009800   Data           8  gpio.o(.constdata)
    PG0                                      0x08009808   Data           8  gpio.o(.constdata)
    PG1                                      0x08009810   Data           8  gpio.o(.constdata)
    PG2                                      0x08009818   Data           8  gpio.o(.constdata)
    PG3                                      0x08009820   Data           8  gpio.o(.constdata)
    PG4                                      0x08009828   Data           8  gpio.o(.constdata)
    PG5                                      0x08009830   Data           8  gpio.o(.constdata)
    PG6                                      0x08009838   Data           8  gpio.o(.constdata)
    PG7                                      0x08009840   Data           8  gpio.o(.constdata)
    PG8                                      0x08009848   Data           8  gpio.o(.constdata)
    PG9                                      0x08009850   Data           8  gpio.o(.constdata)
    PG10                                     0x08009858   Data           8  gpio.o(.constdata)
    PG11                                     0x08009860   Data           8  gpio.o(.constdata)
    PG12                                     0x08009868   Data           8  gpio.o(.constdata)
    PG13                                     0x08009870   Data           8  gpio.o(.constdata)
    PG14                                     0x08009878   Data           8  gpio.o(.constdata)
    PG15                                     0x08009880   Data           8  gpio.o(.constdata)
    CRC8_INIT                                0x08009888   Data           1  judge.o(.constdata)
    CRC8_TAB                                 0x08009889   Data         256  judge.o(.constdata)
    wCRC_Table                               0x0800998a   Data         512  judge.o(.constdata)
    Region$$Table$$Base                      0x08009c88   Number         0  anon$$obj.o(Region$$Table)
    Region$$Table$$Limit                     0x08009ca8   Number         0  anon$$obj.o(Region$$Table)
    __ctype                                  0x08009cd1   Data           0  lc_ctype_c.o(locale$$data)
    msg                                      0x20001004   Data           4  main.o(.data)
    target_angle                             0x20001008   Data           4  main.o(.data)
    max                                      0x2000100c   Data           4  main.o(.data)
    w                                        0x20001010   Data           4  main.o(.data)
    SystemCoreClock                          0x20001080   Data           4  system_stm32f4xx.o(.data)
    AHBPrescTable                            0x20001084   Data          16  system_stm32f4xx.o(.data)
    curr_bg_color                            0x200020ae   Data           2  1.8 tft_display.o(.data)
    curr_text_color                          0x200020b0   Data           2  1.8 tft_display.o(.data)
    curr_text_color_sp                       0x200020b2   Data           2  1.8 tft_display.o(.data)
    tft_orientation                          0x200020b4   Data           1  1.8 tft_display.o(.data)
    tft_enabled                              0x200020b5   Data           1  1.8 tft_display.o(.data)
    print_pos                                0x200020b6   Data           2  1.8 tft_display.o(.data)
    curr_ang_vel                             0x200030b8   Data           2  yaw_gyro.o(.data)
    prev_ang_vel                             0x200030ba   Data           2  yaw_gyro.o(.data)
    gyro_angle                               0x200030bc   Data           4  yaw_gyro.o(.data)
    curr_real_angle                          0x200030c0   Data           2  yaw_gyro.o(.data)
    prev_real_angle                          0x200030c2   Data           2  yaw_gyro.o(.data)
    gyro_cal_result                          0x200030c4   Data           2  yaw_gyro.o(.data)
    gyro_state                               0x200030c6   Data           1  yaw_gyro.o(.data)
    sim1_angle                               0x200030c8   Data           4  yaw_gyro.o(.data)
    sim2_angle                               0x200030cc   Data           4  yaw_gyro.o(.data)
    sim_factor                               0x200030d0   Data           1  yaw_gyro.o(.data)
    sim_before                               0x200030d4   Data           4  yaw_gyro.o(.data)
    sim_now                                  0x200030d8   Data           4  yaw_gyro.o(.data)
    sim_angle                                0x200030dc   Data           4  yaw_gyro.o(.data)
    real_angle                               0x200030e0   Data           2  yaw_gyro.o(.data)
    sim_angle_off                            0x200030e2   Data           2  yaw_gyro.o(.data)
    yaw_Kp                                   0x200030e4   Data           4  yaw_gyro.o(.data)
    yaw_Ki                                   0x200030e8   Data           4  yaw_gyro.o(.data)
    yaw_Kd                                   0x200030ec   Data           4  yaw_gyro.o(.data)
    yaw_temp_derivative                      0x200030f0   Data           4  yaw_gyro.o(.data)
    yaw_temp_integral                        0x200030f4   Data           4  yaw_gyro.o(.data)
    yaw_pre_error                            0x200030f8   Data           4  yaw_gyro.o(.data)
    yaw_pid_output_angle                     0x200030fc   Data           4  yaw_gyro.o(.data)
    angle_updated                            0x20003100   Data           4  yaw_gyro.o(.data)
    old_yaw                                  0x20003104   Data           4  yaw_gyro.o(.data)
    yaw_turn_time                            0x20003108   Data           2  yaw_gyro.o(.data)
    output_angle                             0x2000310c   Data           4  yaw_gyro.o(.data)
    connected_timer                          0x20003118   Data           1  dbus.o(.data)
    UARTtemp                                 0x20003119   Data           1  dbus.o(.data)
    CRC_INIT                                 0x2000411c   Data           2  judge.o(.data)
    UARTtemp1                                0x2000411e   Data           1  judge.o(.data)
    FT                                       0x20004120   Data           4  judge.o(.data)
    base_Kp                                  0x20004124   Data           4  base_pid.o(.data)
    base_Ki                                  0x20004128   Data           4  base_pid.o(.data)
    base_Kd                                  0x2000412c   Data           4  base_pid.o(.data)
    current_accel                            0x20004130   Data           4  base_pid.o(.data)
    CM_target                                0x20004134   Data           8  base_pid.o(.data)
    current_vel                              0x2000413c   Data           6  base_pid.o(.data)
    ch_target                                0x20004142   Data           6  base_pid.o(.data)
    mul                                      0x20004148   Data           4  base_pid.o(.data)
    power_Kp                                 0x2000414c   Data           4  base_pid.o(.data)
    power_Ki                                 0x20004150   Data           4  base_pid.o(.data)
    power_Kd                                 0x20004154   Data           4  base_pid.o(.data)
    power_temp_integral                      0x20004158   Data           4  base_pid.o(.data)
    power_temp_derivative                    0x2000415c   Data           4  base_pid.o(.data)
    power_pre_error                          0x20004160   Data           4  base_pid.o(.data)
    power_pid_output                         0x20004164   Data           4  base_pid.o(.data)
    lpf_a                                    0x20004168   Data           4  gimbal.o(.data)
    gimbal_yaw_target                        0x2000416c   Data           4  gimbal.o(.data)
    lpf_current                              0x20004170   Data           4  gimbal.o(.data)
    motor                                    0x20004174   Data          48  main.o(.bss)
    text                                     0x200041a4   Data         240  1.8 tft_display.o(.bss)
    text_prev                                0x20004294   Data         240  1.8 tft_display.o(.bss)
    text_color                               0x20004384   Data         480  1.8 tft_display.o(.bss)
    text_color_prev                          0x20004564   Data         480  1.8 tft_display.o(.bss)
    bg_color                                 0x20004744   Data         480  1.8 tft_display.o(.bss)
    bg_color_prev                            0x20004924   Data         480  1.8 tft_display.o(.bss)
    text_bg_color_prev                       0x20004b04   Data         240  1.8 tft_display.o(.bss)
    ADC1_level                               0x20004bf4   Data          34  adc.o(.bss)
    CM1Encoder                               0x20004c18   Data          64  canbusprocess.o(.bss)
    CM2Encoder                               0x20004c58   Data          64  canbusprocess.o(.bss)
    CM3Encoder                               0x20004c98   Data          64  canbusprocess.o(.bss)
    CM4Encoder                               0x20004cd8   Data          64  canbusprocess.o(.bss)
    GMYawEncoder                             0x20004d18   Data          64  canbusprocess.o(.bss)
    GMPitchEncoder                           0x20004d58   Data          64  canbusprocess.o(.bss)
    GMxEncoder                               0x20004d98   Data          64  canbusprocess.o(.bss)
    DBUS_ReceiveData                         0x20004dd8   Data          26  dbus.o(.bss)
    LASTDBUS_ReceiveData                     0x20004df2   Data          26  dbus.o(.bss)
    DBUSBuffer                               0x20004e0c   Data          19  dbus.o(.bss)
    InfantryJudge                            0x20004e20   Data          16  judge.o(.bss)
    JudgeDataBuffer                          0x20004e30   Data         150  judge.o(.bss)
    __libspace_start                         0x20004f04   Data          96  libspace.o(.bss)
    __temporary_stack_top$libspace           0x20004f64   Data           0  libspace.o(.bss)



==============================================================================

Memory Map of the image

  Image Entry point : 0x08000189

  Load Region LR_IROM1 (Base: 0x08000000, Size: 0x0000df48, Max: 0x00100000, ABSOLUTE, COMPRESSED[0x0000a59c])

    Execution Region ER_IROM1 (Base: 0x08000000, Size: 0x00009dd4, Max: 0x00100000, ABSOLUTE)

    Base Addr    Size         Type   Attr      Idx    E Section Name        Object

    0x08000000   0x00000188   Data   RO          294    RESET               startup_stm32f40_41xxx.o
    0x08000188   0x00000008   Code   RO         1316  * !!!main             c_w.l(__main.o)
    0x08000190   0x00000034   Code   RO         1679    !!!scatter          c_w.l(__scatter.o)
    0x080001c4   0x00000064   Code   RO         1677    !!dclz77c           c_w.l(__dclz77c.o)
    0x08000228   0x0000001c   Code   RO         1681    !!handler_zi        c_w.l(__scatter_zi.o)
    0x08000244   0x00000000   Code   RO         1428    .ARM.Collect$$_printf_percent$$00000000  c_w.l(_printf_percent.o)
    0x08000244   0x00000006   Code   RO         1417    .ARM.Collect$$_printf_percent$$00000001  c_w.l(_printf_n.o)
    0x0800024a   0x00000006   Code   RO         1419    .ARM.Collect$$_printf_percent$$00000002  c_w.l(_printf_p.o)
    0x08000250   0x00000006   Code   RO         1424    .ARM.Collect$$_printf_percent$$00000003  c_w.l(_printf_f.o)
    0x08000256   0x00000006   Code   RO         1425    .ARM.Collect$$_printf_percent$$00000004  c_w.l(_printf_e.o)
    0x0800025c   0x00000006   Code   RO         1426    .ARM.Collect$$_printf_percent$$00000005  c_w.l(_printf_g.o)
    0x08000262   0x00000006   Code   RO         1427    .ARM.Collect$$_printf_percent$$00000006  c_w.l(_printf_a.o)
    0x08000268   0x0000000a   Code   RO         1432    .ARM.Collect$$_printf_percent$$00000007  c_w.l(_printf_ll.o)
    0x08000272   0x00000006   Code   RO         1421    .ARM.Collect$$_printf_percent$$00000008  c_w.l(_printf_i.o)
    0x08000278   0x00000006   Code   RO         1422    .ARM.Collect$$_printf_percent$$00000009  c_w.l(_printf_d.o)
    0x0800027e   0x00000006   Code   RO         1423    .ARM.Collect$$_printf_percent$$0000000A  c_w.l(_printf_u.o)
    0x08000284   0x00000006   Code   RO         1420    .ARM.Collect$$_printf_percent$$0000000B  c_w.l(_printf_o.o)
    0x0800028a   0x00000006   Code   RO         1418    .ARM.Collect$$_printf_percent$$0000000C  c_w.l(_printf_x.o)
    0x08000290   0x00000006   Code   RO         1429    .ARM.Collect$$_printf_percent$$0000000D  c_w.l(_printf_lli.o)
    0x08000296   0x00000006   Code   RO         1430    .ARM.Collect$$_printf_percent$$0000000E  c_w.l(_printf_lld.o)
    0x0800029c   0x00000006   Code   RO         1431    .ARM.Collect$$_printf_percent$$0000000F  c_w.l(_printf_llu.o)
    0x080002a2   0x00000006   Code   RO         1436    .ARM.Collect$$_printf_percent$$00000010  c_w.l(_printf_llo.o)
    0x080002a8   0x00000006   Code   RO         1437    .ARM.Collect$$_printf_percent$$00000011  c_w.l(_printf_llx.o)
    0x080002ae   0x0000000a   Code   RO         1433    .ARM.Collect$$_printf_percent$$00000012  c_w.l(_printf_l.o)
    0x080002b8   0x00000006   Code   RO         1415    .ARM.Collect$$_printf_percent$$00000013  c_w.l(_printf_c.o)
    0x080002be   0x00000006   Code   RO         1416    .ARM.Collect$$_printf_percent$$00000014  c_w.l(_printf_s.o)
    0x080002c4   0x00000006   Code   RO         1434    .ARM.Collect$$_printf_percent$$00000015  c_w.l(_printf_lc.o)
    0x080002ca   0x00000006   Code   RO         1435    .ARM.Collect$$_printf_percent$$00000016  c_w.l(_printf_ls.o)
    0x080002d0   0x00000004   Code   RO         1489    .ARM.Collect$$_printf_percent$$00000017  c_w.l(_printf_percent_end.o)
    0x080002d4   0x00000002   Code   RO         1538    .ARM.Collect$$libinit$$00000000  c_w.l(libinit.o)
    0x080002d6   0x00000004   Code   RO         1553    .ARM.Collect$$libinit$$00000001  c_w.l(libinit2.o)
    0x080002da   0x00000000   Code   RO         1556    .ARM.Collect$$libinit$$00000004  c_w.l(libinit2.o)
    0x080002da   0x00000000   Code   RO         1559    .ARM.Collect$$libinit$$0000000A  c_w.l(libinit2.o)
    0x080002da   0x00000000   Code   RO         1561    .ARM.Collect$$libinit$$0000000C  c_w.l(libinit2.o)
    0x080002da   0x00000000   Code   RO         1563    .ARM.Collect$$libinit$$0000000E  c_w.l(libinit2.o)
    0x080002da   0x00000006   Code   RO         1564    .ARM.Collect$$libinit$$0000000F  c_w.l(libinit2.o)
    0x080002e0   0x00000000   Code   RO         1566    .ARM.Collect$$libinit$$00000011  c_w.l(libinit2.o)
    0x080002e0   0x0000000c   Code   RO         1567    .ARM.Collect$$libinit$$00000012  c_w.l(libinit2.o)
    0x080002ec   0x00000000   Code   RO         1568    .ARM.Collect$$libinit$$00000013  c_w.l(libinit2.o)
    0x080002ec   0x00000000   Code   RO         1570    .ARM.Collect$$libinit$$00000015  c_w.l(libinit2.o)
    0x080002ec   0x0000000a   Code   RO         1571    .ARM.Collect$$libinit$$00000016  c_w.l(libinit2.o)
    0x080002f6   0x00000000   Code   RO         1572    .ARM.Collect$$libinit$$00000017  c_w.l(libinit2.o)
    0x080002f6   0x00000000   Code   RO         1574    .ARM.Collect$$libinit$$00000019  c_w.l(libinit2.o)
    0x080002f6   0x00000000   Code   RO         1576    .ARM.Collect$$libinit$$0000001B  c_w.l(libinit2.o)
    0x080002f6   0x00000000   Code   RO         1578    .ARM.Collect$$libinit$$0000001D  c_w.l(libinit2.o)
    0x080002f6   0x00000000   Code   RO         1580    .ARM.Collect$$libinit$$0000001F  c_w.l(libinit2.o)
    0x080002f6   0x00000000   Code   RO         1582    .ARM.Collect$$libinit$$00000021  c_w.l(libinit2.o)
    0x080002f6   0x00000000   Code   RO         1584    .ARM.Collect$$libinit$$00000023  c_w.l(libinit2.o)
    0x080002f6   0x00000000   Code   RO         1586    .ARM.Collect$$libinit$$00000025  c_w.l(libinit2.o)
    0x080002f6   0x00000000   Code   RO         1590    .ARM.Collect$$libinit$$0000002C  c_w.l(libinit2.o)
    0x080002f6   0x00000000   Code   RO         1592    .ARM.Collect$$libinit$$0000002E  c_w.l(libinit2.o)
    0x080002f6   0x00000000   Code   RO         1594    .ARM.Collect$$libinit$$00000030  c_w.l(libinit2.o)
    0x080002f6   0x00000000   Code   RO         1596    .ARM.Collect$$libinit$$00000032  c_w.l(libinit2.o)
    0x080002f6   0x00000002   Code   RO         1597    .ARM.Collect$$libinit$$00000033  c_w.l(libinit2.o)
    0x080002f8   0x00000002   Code   RO         1617    .ARM.Collect$$libshutdown$$00000000  c_w.l(libshutdown.o)
    0x080002fa   0x00000000   Code   RO         1630    .ARM.Collect$$libshutdown$$00000002  c_w.l(libshutdown2.o)
    0x080002fa   0x00000000   Code   RO         1632    .ARM.Collect$$libshutdown$$00000004  c_w.l(libshutdown2.o)
    0x080002fa   0x00000000   Code   RO         1635    .ARM.Collect$$libshutdown$$00000007  c_w.l(libshutdown2.o)
    0x080002fa   0x00000000   Code   RO         1638    .ARM.Collect$$libshutdown$$0000000A  c_w.l(libshutdown2.o)
    0x080002fa   0x00000000   Code   RO         1640    .ARM.Collect$$libshutdown$$0000000C  c_w.l(libshutdown2.o)
    0x080002fa   0x00000000   Code   RO         1643    .ARM.Collect$$libshutdown$$0000000F  c_w.l(libshutdown2.o)
    0x080002fa   0x00000002   Code   RO         1644    .ARM.Collect$$libshutdown$$00000010  c_w.l(libshutdown2.o)
    0x080002fc   0x00000000   Code   RO         1346    .ARM.Collect$$rtentry$$00000000  c_w.l(__rtentry.o)
    0x080002fc   0x00000000   Code   RO         1460    .ARM.Collect$$rtentry$$00000002  c_w.l(__rtentry2.o)
    0x080002fc   0x00000006   Code   RO         1472    .ARM.Collect$$rtentry$$00000004  c_w.l(__rtentry4.o)
    0x08000302   0x00000000   Code   RO         1462    .ARM.Collect$$rtentry$$00000009  c_w.l(__rtentry2.o)
    0x08000302   0x00000004   Code   RO         1463    .ARM.Collect$$rtentry$$0000000A  c_w.l(__rtentry2.o)
    0x08000306   0x00000000   Code   RO         1465    .ARM.Collect$$rtentry$$0000000C  c_w.l(__rtentry2.o)
    0x08000306   0x00000008   Code   RO         1466    .ARM.Collect$$rtentry$$0000000D  c_w.l(__rtentry2.o)
    0x0800030e   0x00000002   Code   RO         1546    .ARM.Collect$$rtexit$$00000000  c_w.l(rtexit.o)
    0x08000310   0x00000000   Code   RO         1599    .ARM.Collect$$rtexit$$00000002  c_w.l(rtexit2.o)
    0x08000310   0x00000004   Code   RO         1600    .ARM.Collect$$rtexit$$00000003  c_w.l(rtexit2.o)
    0x08000314   0x00000006   Code   RO         1601    .ARM.Collect$$rtexit$$00000004  c_w.l(rtexit2.o)
    0x0800031a   0x00000024   Code   RO            4    .text               stm32f4xx_it.o
    0x0800033e   0x00000002   PAD
    0x08000340   0x0000078c   Code   RO          151    .text               main.o
    0x08000acc   0x00000210   Code   RO          265    .text               system_stm32f4xx.o
    0x08000cdc   0x00000040   Code   RO          295    .text               startup_stm32f40_41xxx.o
    0x08000d1c   0x000000e0   Code   RO          302    .text               misc.o
    0x08000dfc   0x00000464   Code   RO          352    .text               stm32f4xx_adc.o
    0x08001260   0x000009f0   Code   RO          376    .text               stm32f4xx_can.o
    0x08001c50   0x000003a8   Code   RO          424    .text               stm32f4xx_dma.o
    0x08001ff8   0x00000294   Code   RO          472    .text               stm32f4xx_gpio.o
    0x0800228c   0x00000480   Code   RO          520    .text               stm32f4xx_spi.o
    0x0800270c   0x00000ca2   Code   RO          568    .text               stm32f4xx_tim.o
    0x080033ae   0x00000002   PAD
    0x080033b0   0x00000454   Code   RO          592    .text               stm32f4xx_usart.o
    0x08003804   0x0000065c   Code   RO          616    .text               stm32f4xx_rcc.o
    0x08003e60   0x000002bc   Code   RO          676    .text               gpio.o
    0x0800411c   0x000000cc   Code   RO          706    .text               ticks.o
    0x080041e8   0x00000178   Code   RO          736    .text               pwm.o
    0x08004360   0x00000200   Code   RO          763    .text               timer.o
    0x08004560   0x00000064   Code   RO          818    .text               led.o
    0x080045c4   0x00000e7c   Code   RO          871    .text               1.8 tft_display.o
    0x08005440   0x000007e8   Code   RO          946    .text               yaw_gyro.o
    0x08005c28   0x00000148   Code   RO          981    .text               adc.o
    0x08005d70   0x00000130   Code   RO         1016    .text               encoder.o
    0x08005ea0   0x00000080   Code   RO         1042    .text               pneumatic.o
    0x08005f20   0x00000150   Code   RO         1066    .text               can1.o
    0x08006070   0x00000150   Code   RO         1094    .text               can2.o
    0x080061c0   0x000002c0   Code   RO         1121    .text               canbusprocess.o
    0x08006480   0x000002bc   Code   RO         1156    .text               dbus.o
    0x0800673c   0x00000318   Code   RO         1187    .text               judge.o
    0x08006a54   0x000000a4   Code   RO         1222    .text               data_monitor.o
    0x08006af8   0x00000490   Code   RO         1248    .text               base_pid.o
    0x08006f88   0x00000150   Code   RO         1281    .text               gimbal.o
    0x080070d8   0x00000024   Code   RO         1310    .text               c_w.l(vsprintf.o)
    0x080070fc   0x0000008a   Code   RO         1312    .text               c_w.l(rt_memcpy_v6.o)
    0x08007186   0x00000006   Code   RO         1314    .text               c_w.l(heapauxi.o)
    0x0800718c   0x0000004e   Code   RO         1349    .text               c_w.l(_printf_pad.o)
    0x080071da   0x00000024   Code   RO         1351    .text               c_w.l(_printf_truncate.o)
    0x080071fe   0x00000052   Code   RO         1353    .text               c_w.l(_printf_str.o)
    0x08007250   0x00000078   Code   RO         1355    .text               c_w.l(_printf_dec.o)
    0x080072c8   0x00000028   Code   RO         1357    .text               c_w.l(_printf_charcount.o)
    0x080072f0   0x00000030   Code   RO         1359    .text               c_w.l(_printf_char_common.o)
    0x08007320   0x0000000a   Code   RO         1361    .text               c_w.l(_sputc.o)
    0x0800732a   0x00000002   PAD
    0x0800732c   0x000000bc   Code   RO         1363    .text               c_w.l(_printf_wctomb.o)
    0x080073e8   0x0000007c   Code   RO         1366    .text               c_w.l(_printf_longlong_dec.o)
    0x08007464   0x00000070   Code   RO         1372    .text               c_w.l(_printf_oct_int_ll.o)
    0x080074d4   0x00000094   Code   RO         1392    .text               c_w.l(_printf_hex_int_ll_ptr.o)
    0x08007568   0x00000188   Code   RO         1412    .text               c_w.l(__printf_flags_ss_wp.o)
    0x080076f0   0x00000064   Code   RO         1438    .text               c_w.l(rt_memcpy_w.o)
    0x08007754   0x0000008a   Code   RO         1474    .text               c_w.l(lludiv10.o)
    0x080077de   0x000000b2   Code   RO         1476    .text               c_w.l(_printf_intcommon.o)
    0x08007890   0x0000041a   Code   RO         1478    .text               c_w.l(_printf_fp_dec.o)
    0x08007caa   0x00000002   PAD
    0x08007cac   0x000002fc   Code   RO         1480    .text               c_w.l(_printf_fp_hex.o)
    0x08007fa8   0x0000002c   Code   RO         1485    .text               c_w.l(_printf_char.o)
    0x08007fd4   0x0000002c   Code   RO         1487    .text               c_w.l(_printf_wchar.o)
    0x08008000   0x00000040   Code   RO         1490    .text               c_w.l(_wcrtomb.o)
    0x08008040   0x0000004a   Code   RO         1492    .text               c_w.l(sys_stackheap_outer.o)
    0x0800808a   0x00000002   PAD
    0x0800808c   0x00000010   Code   RO         1494    .text               c_w.l(rt_ctype_table.o)
    0x0800809c   0x00000008   Code   RO         1499    .text               c_w.l(rt_locale_intlibspace.o)
    0x080080a4   0x00000080   Code   RO         1501    .text               c_w.l(_printf_fp_infnan.o)
    0x08008124   0x000000dc   Code   RO         1503    .text               c_w.l(bigflt0.o)
    0x08008200   0x00000012   Code   RO         1531    .text               c_w.l(exit.o)
    0x08008212   0x00000002   PAD
    0x08008214   0x00000008   Code   RO         1543    .text               c_w.l(libspace.o)
    0x0800821c   0x00000080   Code   RO         1551    .text               c_w.l(strcmpv7m.o)
    0x0800829c   0x0000000c   Code   RO         1609    .text               c_w.l(sys_exit.o)
    0x080082a8   0x00000002   Code   RO         1620    .text               c_w.l(use_no_semi.o)
    0x080082aa   0x00000000   Code   RO         1622    .text               c_w.l(indicate_semi.o)
    0x080082aa   0x0000003e   Code   RO         1506    CL$$btod_d2e        c_w.l(btod.o)
    0x080082e8   0x00000046   Code   RO         1508    CL$$btod_d2e_denorm_low  c_w.l(btod.o)
    0x0800832e   0x00000060   Code   RO         1507    CL$$btod_d2e_norm_op1  c_w.l(btod.o)
    0x0800838e   0x00000338   Code   RO         1516    CL$$btod_div_common  c_w.l(btod.o)
    0x080086c6   0x000000c6   Code   RO         1513    CL$$btod_e2e        c_w.l(btod.o)
    0x0800878c   0x00000028   Code   RO         1510    CL$$btod_ediv       c_w.l(btod.o)
    0x080087b4   0x00000028   Code   RO         1509    CL$$btod_emul       c_w.l(btod.o)
    0x080087dc   0x00000244   Code   RO         1515    CL$$btod_mult_common  c_w.l(btod.o)
    0x08008a20   0x00000030   Code   RO         1541    i.__ARM_fpclassify  m_wm.l(fpclassify.o)
    0x08008a50   0x0000000e   Code   RO         1405    i._is_digit         c_w.l(__printf_wp.o)
    0x08008a5e   0x00000002   PAD
    0x08008a60   0x0000002c   Code   RO         1529    locale$$code        c_w.l(lc_numeric_c.o)
    0x08008a8c   0x0000002c   Code   RO         1549    locale$$code        c_w.l(lc_ctype_c.o)
    0x08008ab8   0x00000062   Code   RO         1318    x$fpl$d2f           fz_wm.l(d2f.o)
    0x08008b1a   0x00000002   PAD
    0x08008b1c   0x00000150   Code   RO         1320    x$fpl$dadd          fz_wm.l(daddsub_clz.o)
    0x08008c6c   0x00000018   Code   RO         1440    x$fpl$dcmpinf       fz_wm.l(dcmpi.o)
    0x08008c84   0x000002b0   Code   RO         1327    x$fpl$ddiv          fz_wm.l(ddiv.o)
    0x08008f34   0x0000005e   Code   RO         1330    x$fpl$dfix          fz_wm.l(dfix.o)
    0x08008f92   0x0000002e   Code   RO         1335    x$fpl$dflt          fz_wm.l(dflt_clz.o)
    0x08008fc0   0x00000078   Code   RO         1340    x$fpl$dleqf         fz_wm.l(dleqf.o)
    0x08009038   0x00000154   Code   RO         1342    x$fpl$dmul          fz_wm.l(dmul.o)
    0x0800918c   0x0000009c   Code   RO         1442    x$fpl$dnaninf       fz_wm.l(dnaninf.o)
    0x08009228   0x0000000c   Code   RO         1444    x$fpl$dretinf       fz_wm.l(dretinf.o)
    0x08009234   0x000001d4   Code   RO         1322    x$fpl$dsub          fz_wm.l(daddsub_clz.o)
    0x08009408   0x00000056   Code   RO         1344    x$fpl$f2d           fz_wm.l(f2d.o)
    0x0800945e   0x0000008c   Code   RO         1446    x$fpl$fnaninf       fz_wm.l(fnaninf.o)
    0x080094ea   0x0000000a   Code   RO         1607    x$fpl$fpinit        fz_wm.l(fpinit.o)
    0x080094f4   0x0000000a   Code   RO         1448    x$fpl$fretinf       fz_wm.l(fretinf.o)
    0x080094fe   0x00000004   Code   RO         1450    x$fpl$printf1       fz_wm.l(printf1.o)
    0x08009502   0x00000004   Code   RO         1452    x$fpl$printf2       fz_wm.l(printf2.o)
    0x08009506   0x00000000   Code   RO         1458    x$fpl$usenofp       fz_wm.l(usenofp.o)
    0x08009506   0x00000002   PAD
    0x08009508   0x00000380   Data   RO          677    .constdata          gpio.o
    0x08009888   0x00000302   Data   RO         1189    .constdata          judge.o
    0x08009b8a   0x00000002   PAD
    0x08009b8c   0x00000008   Data   RO         1364    .constdata          c_w.l(_printf_wctomb.o)
    0x08009b94   0x00000028   Data   RO         1393    .constdata          c_w.l(_printf_hex_int_ll_ptr.o)
    0x08009bbc   0x00000011   Data   RO         1413    .constdata          c_w.l(__printf_flags_ss_wp.o)
    0x08009bcd   0x00000026   Data   RO         1481    .constdata          c_w.l(_printf_fp_hex.o)
    0x08009bf3   0x00000001   PAD
    0x08009bf4   0x00000094   Data   RO         1504    .constdata          c_w.l(bigflt0.o)
    0x08009c88   0x00000020   Data   RO         1675    Region$$Table       anon$$obj.o
    0x08009ca8   0x0000001c   Data   RO         1528    locale$$data        c_w.l(lc_numeric_c.o)
    0x08009cc4   0x00000110   Data   RO         1548    locale$$data        c_w.l(lc_ctype_c.o)


    Execution Region RW_IRAM1 (Base: 0x20000000, Size: 0x00005568, Max: 0x00020000, ABSOLUTE, COMPRESSED[0x000007c8])

    Base Addr    Size         Type   Attr      Idx    E Section Name        Object

    0x20000000   0x00001080   Data   RW          153    .data               main.o
    0x20001080   0x00000014   Data   RW          266    .data               system_stm32f4xx.o
    0x20001094   0x00000010   Data   RW          617    .data               stm32f4xx_rcc.o
    0x200010a4   0x00000008   Data   RW          707    .data               ticks.o
    0x200010ac   0x00000001   Data   RW          819    .data               led.o
    0x200010ad   0x00000001   PAD
    0x200010ae   0x0000100a   Data   RW          873    .data               1.8 tft_display.o
    0x200020b8   0x00001058   Data   RW          947    .data               yaw_gyro.o
    0x20003110   0x00000002   Data   RW         1017    .data               encoder.o
    0x20003112   0x00000002   PAD
    0x20003114   0x00000004   Data   RW         1123    .data               canbusprocess.o
    0x20003118   0x00000002   Data   RW         1158    .data               dbus.o
    0x2000311a   0x00000002   PAD
    0x2000311c   0x00001008   Data   RW         1190    .data               judge.o
    0x20004124   0x00000044   Data   RW         1249    .data               base_pid.o
    0x20004168   0x0000000c   Data   RW         1282    .data               gimbal.o
    0x20004174   0x00000030   Zero   RW          152    .bss                main.o
    0x200041a4   0x00000a50   Zero   RW          872    .bss                1.8 tft_display.o
    0x20004bf4   0x00000022   Zero   RW          982    .bss                adc.o
    0x20004c16   0x00000002   PAD
    0x20004c18   0x000001c0   Zero   RW         1122    .bss                canbusprocess.o
    0x20004dd8   0x00000047   Zero   RW         1157    .bss                dbus.o
    0x20004e1f   0x00000001   PAD
    0x20004e20   0x000000a6   Zero   RW         1188    .bss                judge.o
    0x20004ec6   0x00000002   PAD
    0x20004ec8   0x0000003c   Zero   RW         1223    .bss                data_monitor.o
    0x20004f04   0x00000060   Zero   RW         1544    .bss                c_w.l(libspace.o)
    0x20004f64   0x00000004   PAD
    0x20004f68   0x00000200   Zero   RW          293    HEAP                startup_stm32f40_41xxx.o
    0x20005168   0x00000400   Zero   RW          292    STACK               startup_stm32f40_41xxx.o


==============================================================================

Image component sizes


      Code (inc. data)   RO Data    RW Data    ZI Data      Debug   Object Name

      3708        144          0       4106       2640       9991   1.8 tft_display.o
       328         26          0          0         34       2413   adc.o
      1168         98          0         68          0       3536   base_pid.o
         0          0          0          0          0       2428   buzzer.o
       336         10          0          0          0       1036   can1.o
       336          8          0          0          0       1028   can2.o
       704         42          0          4        448       4102   canbusprocess.o
       164         12          0          0         60       1192   data_monitor.o
       700         38          0          2         71       2807   dbus.o
       304         22          0          2          0       1571   encoder.o
       336         18          0         12          0       2065   gimbal.o
       700         20        896          0          0       6004   gpio.o
       792         56        770       4104        166       4622   judge.o
       100         10          0          1          0       1176   led.o
      1932        358          0       4224         48       3452   main.o
       224         20          0          0          0     252901   misc.o
       128         20          0          0          0        715   pneumatic.o
       376         36          0          0          0       1717   pwm.o
        64         26        392          0       1536        816   startup_stm32f40_41xxx.o
      1124         24          0          0          0      10646   stm32f4xx_adc.o
      2544         38          0          0          0       8108   stm32f4xx_can.o
       936         32          0          0          0       6357   stm32f4xx_dma.o
       660         44          0          0          0       4121   stm32f4xx_gpio.o
        36          0          0          0          0     311606   stm32f4xx_it.o
      1628         52          0         16          0      12972   stm32f4xx_rcc.o
      1152         36          0          0          0       6869   stm32f4xx_spi.o
      3234         60          0          0          0      22976   stm32f4xx_tim.o
      1108         34          0          0          0       7844   stm32f4xx_usart.o
       528         46          0         20          0       1719   system_stm32f4xx.o
       204         26          0          8          0      28177   ticks.o
       512         52          0          0          0       1839   timer.o
      2024        152          0       4184          0       7290   yaw_gyro.o

    ----------------------------------------------------------------------
     28094       1560       2092      16756       5008     734096   Object Totals
         0          0         32          0          0          0   (incl. Generated)
         4          0          2          5          5          0   (incl. Padding)

    ----------------------------------------------------------------------

      Code (inc. data)   RO Data    RW Data    ZI Data      Debug   Library Member Name

       100          0          0          0          0          0   __dclz77c.o
         8          0          0          0          0         68   __main.o
       392          4         17          0          0         92   __printf_flags_ss_wp.o
        14          0          0          0          0         68   __printf_wp.o
         0          0          0          0          0          0   __rtentry.o
        12          0          0          0          0          0   __rtentry2.o
         6          0          0          0          0          0   __rtentry4.o
        52          8          0          0          0          0   __scatter.o
        28          0          0          0          0          0   __scatter_zi.o
         6          0          0          0          0          0   _printf_a.o
         6          0          0          0          0          0   _printf_c.o
        44          0          0          0          0        108   _printf_char.o
        48          6          0          0          0         96   _printf_char_common.o
        40          0          0          0          0         68   _printf_charcount.o
         6          0          0          0          0          0   _printf_d.o
       120         16          0          0          0         92   _printf_dec.o
         6          0          0          0          0          0   _printf_e.o
         6          0          0          0          0          0   _printf_f.o
      1050          0          0          0          0        216   _printf_fp_dec.o
       764         10         38          0          0        100   _printf_fp_hex.o
       128         16          0          0          0         84   _printf_fp_infnan.o
         6          0          0          0          0          0   _printf_g.o
       148          4         40          0          0        160   _printf_hex_int_ll_ptr.o
         6          0          0          0          0          0   _printf_i.o
       178          0          0          0          0         88   _printf_intcommon.o
        10          0          0          0          0          0   _printf_l.o
         6          0          0          0          0          0   _printf_lc.o
        10          0          0          0          0          0   _printf_ll.o
         6          0          0          0          0          0   _printf_lld.o
         6          0          0          0          0          0   _printf_lli.o
         6          0          0          0          0          0   _printf_llo.o
         6          0          0          0          0          0   _printf_llu.o
         6          0          0          0          0          0   _printf_llx.o
       124         16          0          0          0         92   _printf_longlong_dec.o
         6          0          0          0          0          0   _printf_ls.o
         6          0          0          0          0          0   _printf_n.o
         6          0          0          0          0          0   _printf_o.o
       112          8          0          0          0        124   _printf_oct_int_ll.o
         6          0          0          0          0          0   _printf_p.o
        78          0          0          0          0        108   _printf_pad.o
         0          0          0          0          0          0   _printf_percent.o
         4          0          0          0          0          0   _printf_percent_end.o
         6          0          0          0          0          0   _printf_s.o
        82          0          0          0          0         80   _printf_str.o
        36          0          0          0          0         84   _printf_truncate.o
         6          0          0          0          0          0   _printf_u.o
        44          0          0          0          0        108   _printf_wchar.o
       188          6          8          0          0         92   _printf_wctomb.o
         6          0          0          0          0          0   _printf_x.o
        10          0          0          0          0         68   _sputc.o
        64          0          0          0          0         92   _wcrtomb.o
       220          4        148          0          0         96   bigflt0.o
      1910        128          0          0          0        672   btod.o
        18          0          0          0          0         80   exit.o
         6          0          0          0          0        152   heapauxi.o
         0          0          0          0          0          0   indicate_semi.o
        44         10        272          0          0         76   lc_ctype_c.o
        44         10         28          0          0         76   lc_numeric_c.o
         2          0          0          0          0          0   libinit.o
        34          0          0          0          0          0   libinit2.o
         2          0          0          0          0          0   libshutdown.o
         2          0          0          0          0          0   libshutdown2.o
         8          4          0          0         96         68   libspace.o
       138          0          0          0          0         80   lludiv10.o
        16          4          0          0          0         76   rt_ctype_table.o
         8          4          0          0          0         68   rt_locale_intlibspace.o
       138          0          0          0          0         68   rt_memcpy_v6.o
       100          0          0          0          0         80   rt_memcpy_w.o
         2          0          0          0          0          0   rtexit.o
        10          0          0          0          0          0   rtexit2.o
       128          0          0          0          0         68   strcmpv7m.o
        12          4          0          0          0         68   sys_exit.o
        74          0          0          0          0         80   sys_stackheap_outer.o
         2          0          0          0          0         68   use_no_semi.o
        36          4          0          0          0         76   vsprintf.o
        98          4          0          0          0        140   d2f.o
       804         16          0          0          0        368   daddsub_clz.o
        24          0          0          0          0        116   dcmpi.o
       688        140          0          0          0        256   ddiv.o
        94          4          0          0          0        140   dfix.o
        46          0          0          0          0        116   dflt_clz.o
       120          4          0          0          0        140   dleqf.o
       340         12          0          0          0        152   dmul.o
       156          4          0          0          0        140   dnaninf.o
        12          0          0          0          0        116   dretinf.o
        86          4          0          0          0        132   f2d.o
       140          4          0          0          0        132   fnaninf.o
        10          0          0          0          0        116   fpinit.o
        10          0          0          0          0        116   fretinf.o
         4          0          0          0          0        116   printf1.o
         4          0          0          0          0        116   printf2.o
         0          0          0          0          0          0   usenofp.o
        48          0          0          0          0        124   fpclassify.o

    ----------------------------------------------------------------------
      9666        458        552          0        100       6576   Library Totals
        14          0          1          0          4          0   (incl. Padding)

    ----------------------------------------------------------------------

      Code (inc. data)   RO Data    RW Data    ZI Data      Debug   Library Name

      6968        266        551          0         96       4040   c_w.l
      2636        192          0          0          0       2412   fz_wm.l
        48          0          0          0          0        124   m_wm.l

    ----------------------------------------------------------------------
      9666        458        552          0        100       6576   Library Totals

    ----------------------------------------------------------------------

==============================================================================


      Code (inc. data)   RO Data    RW Data    ZI Data      Debug   

     37760       2018       2644      16756       5108     730188   Grand Totals
     37760       2018       2644       1992       5108     730188   ELF Image Totals (compressed)
     37760       2018       2644       1992          0          0   ROM Totals

==============================================================================

    Total RO  Size (Code + RO Data)                40404 (  39.46kB)
    Total RW  Size (RW Data + ZI Data)             21864 (  21.35kB)
    Total ROM Size (Code + RO Data + RW Data)      42396 (  41.40kB)

==============================================================================

